nohup: ignoring input

> user_management_app@0.1.0 start
> react-scripts start

(node:109000) [DEP_WEBPACK_DEV_SERVER_ON_AFTER_SETUP_MIDDLEWARE] DeprecationWarning: 'onAfterSetupMiddleware' option is deprecated. Please use the 'setupMiddlewares' option.
(Use `node --trace-deprecation ...` to show where the warning was created)
(node:109000) [DEP_WEBPACK_DEV_SERVER_ON_BEFORE_SETUP_MIDDLEWARE] DeprecationWarning: 'onBeforeSetupMiddleware' option is deprecated. Please use the 'setupMiddlewares' option.
Starting the development server...

Compiled with warnings.

[eslint] 
src/App.js
  Line 10:8:  'logo' is defined but never used  no-unused-vars

Search for the keywords to learn more about each warning.
To ignore, add // eslint-disable-next-line to the line before.

WARNING in [eslint] 
src/App.js
  Line 10:8:  'logo' is defined but never used  no-unused-vars

webpack compiled with 1 warning
Compiling...
Compiled with warnings.

[eslint] 
src/App.js
  Line 10:8:  'logo' is defined but never used  no-unused-vars

Search for the keywords to learn more about each warning.
To ignore, add // eslint-disable-next-line to the line before.

WARNING in [eslint] 
src/App.js
  Line 10:8:  'logo' is defined but never used  no-unused-vars

webpack compiled with 1 warning
Compiling...
Compiled with warnings.

[eslint] 
src/App.js
  Line 10:8:  'logo' is defined but never used  no-unused-vars

Search for the keywords to learn more about each warning.
To ignore, add // eslint-disable-next-line to the line before.

WARNING in [eslint] 
src/App.js
  Line 10:8:  'logo' is defined but never used  no-unused-vars

webpack compiled with 1 warning
Compiling...
Failed to compile.

[eslint] 
src/components/registration.js
  Line 44:25:  'org_name' is not defined  no-undef

Search for the keywords to learn more about each error.
WARNING in [eslint] 
src/App.js
  Line 10:8:  'logo' is defined but never used  no-unused-vars

ERROR in [eslint] 
src/components/registration.js
  Line 44:25:  'org_name' is not defined  no-undef

Search for the keywords to learn more about each error.

webpack compiled with 1 error and 1 warning
Compiling...
Compiled with warnings.

[eslint] 
src/App.js
  Line 10:8:  'logo' is defined but never used  no-unused-vars

src/components/registration.js
  Line 7:20:  'setOrgName' is assigned a value but never used  no-unused-vars

Search for the keywords to learn more about each warning.
To ignore, add // eslint-disable-next-line to the line before.

WARNING in [eslint] 
src/App.js
  Line 10:8:  'logo' is defined but never used  no-unused-vars

src/components/registration.js
  Line 7:20:  'setOrgName' is assigned a value but never used  no-unused-vars

webpack compiled with 1 warning
Compiling...
Compiled with warnings.

[eslint] 
src/App.js
  Line 10:8:  'logo' is defined but never used  no-unused-vars

src/components/registration.js
  Line 7:20:  'setOrgName' is assigned a value but never used  no-unused-vars

Search for the keywords to learn more about each warning.
To ignore, add // eslint-disable-next-line to the line before.

WARNING in [eslint] 
src/App.js
  Line 10:8:  'logo' is defined but never used  no-unused-vars

src/components/registration.js
  Line 7:20:  'setOrgName' is assigned a value but never used  no-unused-vars

webpack compiled with 1 warning
Compiling...
Compiled with warnings.

[eslint] 
src/App.js
  Line 10:8:  'logo' is defined but never used  no-unused-vars

Search for the keywords to learn more about each warning.
To ignore, add // eslint-disable-next-line to the line before.

WARNING in [eslint] 
src/App.js
  Line 10:8:  'logo' is defined but never used  no-unused-vars

webpack compiled with 1 warning
Compiling...
Compiled with warnings.

[eslint] 
src/App.js
  Line 10:8:  'logo' is defined but never used  no-unused-vars

Search for the keywords to learn more about each warning.
To ignore, add // eslint-disable-next-line to the line before.

WARNING in [eslint] 
src/App.js
  Line 10:8:  'logo' is defined but never used  no-unused-vars

webpack compiled with 1 warning
Compiling...
Compiled with warnings.

[eslint] 
src/App.js
  Line 10:8:  'logo' is defined but never used  no-unused-vars

Search for the keywords to learn more about each warning.
To ignore, add // eslint-disable-next-line to the line before.

WARNING in [eslint] 
src/App.js
  Line 10:8:  'logo' is defined but never used  no-unused-vars

webpack compiled with 1 warning
Compiling...
Compiled with warnings.

[eslint] 
src/App.js
  Line 10:8:   'logo' is defined but never used                   no-unused-vars
  Line 17:10:  'username' is assigned a value but never used      no-unused-vars
  Line 46:9:   'handleLogout' is assigned a value but never used  no-unused-vars

Search for the keywords to learn more about each warning.
To ignore, add // eslint-disable-next-line to the line before.

WARNING in [eslint] 
src/App.js
  Line 10:8:   'logo' is defined but never used                   no-unused-vars
  Line 17:10:  'username' is assigned a value but never used      no-unused-vars
  Line 46:9:   'handleLogout' is assigned a value but never used  no-unused-vars

webpack compiled with 1 warning
Compiling...
Compiled with warnings.

[eslint] 
src/App.js
  Line 15:10:  'username' is assigned a value but never used      no-unused-vars
  Line 42:9:   'handleLogout' is assigned a value but never used  no-unused-vars

Search for the keywords to learn more about each warning.
To ignore, add // eslint-disable-next-line to the line before.

WARNING in [eslint] 
src/App.js
  Line 15:10:  'username' is assigned a value but never used      no-unused-vars
  Line 42:9:   'handleLogout' is assigned a value but never used  no-unused-vars

webpack compiled with 1 warning
Compiling...
Failed to compile.

[eslint] 
src/App.js
  Line 52:22:  'useNavigate' is not defined  no-undef

Search for the keywords to learn more about each error.
WARNING in [eslint] 
src/App.js
  Line 15:10:  'username' is assigned a value but never used  no-unused-vars

ERROR in [eslint] 
src/App.js
  Line 52:22:  'useNavigate' is not defined  no-undef

Search for the keywords to learn more about each error.

webpack compiled with 1 error and 1 warning
Compiling...
Compiled with warnings.

[eslint] 
src/App.js
  Line 15:10:  'username' is assigned a value but never used  no-unused-vars

Search for the keywords to learn more about each warning.
To ignore, add // eslint-disable-next-line to the line before.

WARNING in [eslint] 
src/App.js
  Line 15:10:  'username' is assigned a value but never used  no-unused-vars

webpack compiled with 1 warning
Compiling...
Compiled with warnings.

[eslint] 
src/App.js
  Line 15:10:  'username' is assigned a value but never used  no-unused-vars

Search for the keywords to learn more about each warning.
To ignore, add // eslint-disable-next-line to the line before.

WARNING in [eslint] 
src/App.js
  Line 15:10:  'username' is assigned a value but never used  no-unused-vars

webpack compiled with 1 warning
Compiling...
Compiled with warnings.

[eslint] 
src/App.js
  Line 15:10:  'username' is assigned a value but never used  no-unused-vars

Search for the keywords to learn more about each warning.
To ignore, add // eslint-disable-next-line to the line before.

WARNING in [eslint] 
src/App.js
  Line 15:10:  'username' is assigned a value but never used  no-unused-vars

webpack compiled with 1 warning
Compiling...
Compiled with warnings.

[eslint] 
src/App.js
  Line 15:10:  'username' is assigned a value but never used  no-unused-vars

Search for the keywords to learn more about each warning.
To ignore, add // eslint-disable-next-line to the line before.

WARNING in [eslint] 
src/App.js
  Line 15:10:  'username' is assigned a value but never used  no-unused-vars

webpack compiled with 1 warning
Compiling...
Compiled with warnings.

[eslint] 
src/App.js
  Line 15:10:  'username' is assigned a value but never used  no-unused-vars

Search for the keywords to learn more about each warning.
To ignore, add // eslint-disable-next-line to the line before.

WARNING in [eslint] 
src/App.js
  Line 15:10:  'username' is assigned a value but never used  no-unused-vars

webpack compiled with 1 warning
Compiling...
Compiled with warnings.

[eslint] 
src/App.js
  Line 15:10:  'username' is assigned a value but never used  no-unused-vars

Search for the keywords to learn more about each warning.
To ignore, add // eslint-disable-next-line to the line before.

WARNING in [eslint] 
src/App.js
  Line 15:10:  'username' is assigned a value but never used  no-unused-vars

webpack compiled with 1 warning
Compiling...
Compiled with warnings.

[eslint] 
src/App.js
  Line 21:10:  'username' is assigned a value but never used  no-unused-vars

Search for the keywords to learn more about each warning.
To ignore, add // eslint-disable-next-line to the line before.

WARNING in [eslint] 
src/App.js
  Line 21:10:  'username' is assigned a value but never used  no-unused-vars

webpack compiled with 1 warning
Compiling...
Compiled with warnings.

[eslint] 
src/App.js
  Line 15:10:  'username' is assigned a value but never used  no-unused-vars

Search for the keywords to learn more about each warning.
To ignore, add // eslint-disable-next-line to the line before.

WARNING in [eslint] 
src/App.js
  Line 15:10:  'username' is assigned a value but never used  no-unused-vars

webpack compiled with 1 warning
Compiling...
Compiled with warnings.

[eslint] 
src/App.js
  Line 21:10:  'username' is assigned a value but never used  no-unused-vars

Search for the keywords to learn more about each warning.
To ignore, add // eslint-disable-next-line to the line before.

WARNING in [eslint] 
src/App.js
  Line 21:10:  'username' is assigned a value but never used  no-unused-vars

webpack compiled with 1 warning
Compiling...
Compiled with warnings.

[eslint] 
src/App.js
  Line 15:10:  'username' is assigned a value but never used  no-unused-vars

Search for the keywords to learn more about each warning.
To ignore, add // eslint-disable-next-line to the line before.

WARNING in [eslint] 
src/App.js
  Line 15:10:  'username' is assigned a value but never used  no-unused-vars

webpack compiled with 1 warning
Compiling...
Compiled with warnings.

[eslint] 
src/App.js
  Line 15:10:  'username' is assigned a value but never used  no-unused-vars

src/components/subscription/subscriptionpage.jsx
  Line 7:10:   'Menu' is defined but never used               no-unused-vars
  Line 8:10:   'UserIcon' is defined but never used           no-unused-vars
  Line 8:20:   'ChevronDownIcon' is defined but never used    no-unused-vars
  Line 10:8:   'UserDropdown' is defined but never used       no-unused-vars
  Line 13:10:  'userInfo' is assigned a value but never used  no-unused-vars

Search for the keywords to learn more about each warning.
To ignore, add // eslint-disable-next-line to the line before.

WARNING in [eslint] 
src/App.js
  Line 15:10:  'username' is assigned a value but never used  no-unused-vars

src/components/subscription/subscriptionpage.jsx
  Line 7:10:   'Menu' is defined but never used               no-unused-vars
  Line 8:10:   'UserIcon' is defined but never used           no-unused-vars
  Line 8:20:   'ChevronDownIcon' is defined but never used    no-unused-vars
  Line 10:8:   'UserDropdown' is defined but never used       no-unused-vars
  Line 13:10:  'userInfo' is assigned a value but never used  no-unused-vars

webpack compiled with 1 warning
Compiling...
Compiled with warnings.

[eslint] 
src/App.js
  Line 15:10:  'username' is assigned a value but never used  no-unused-vars

src/components/subscription/subscriptionpage.jsx
  Line 10:10:   'userInfo' is assigned a value but never used                                                                                                                                                                                                                                                                                                                      no-unused-vars
  Line 331:29:  The href attribute requires a valid value to be accessible. Provide a valid, navigable address as the href value. If you cannot provide a valid href, but still need the element to resemble a link, use a button and change it with appropriate styles. Learn more: https://github.com/jsx-eslint/eslint-plugin-jsx-a11y/blob/HEAD/docs/rules/anchor-is-valid.md  jsx-a11y/anchor-is-valid

Search for the keywords to learn more about each warning.
To ignore, add // eslint-disable-next-line to the line before.

WARNING in [eslint] 
src/App.js
  Line 15:10:  'username' is assigned a value but never used  no-unused-vars

src/components/subscription/subscriptionpage.jsx
  Line 10:10:   'userInfo' is assigned a value but never used                                                                                                                                                                                                                                                                                                                      no-unused-vars
  Line 331:29:  The href attribute requires a valid value to be accessible. Provide a valid, navigable address as the href value. If you cannot provide a valid href, but still need the element to resemble a link, use a button and change it with appropriate styles. Learn more: https://github.com/jsx-eslint/eslint-plugin-jsx-a11y/blob/HEAD/docs/rules/anchor-is-valid.md  jsx-a11y/anchor-is-valid

webpack compiled with 1 warning
Compiling...
Failed to compile.

[eslint] 
src/App.js
  Line 92:50:  'ForgotPasswordPage' is not defined  react/jsx-no-undef
  Line 93:49:  'ResetPasswordPage' is not defined   react/jsx-no-undef

Search for the keywords to learn more about each error.
WARNING in [eslint] 
src/App.js
  Line 15:10:  'username' is assigned a value but never used  no-unused-vars

src/components/subscription/subscriptionpage.jsx
  Line 10:10:   'userInfo' is assigned a value but never used                                                                                                                                                                                                                                                                                                                      no-unused-vars
  Line 331:29:  The href attribute requires a valid value to be accessible. Provide a valid, navigable address as the href value. If you cannot provide a valid href, but still need the element to resemble a link, use a button and change it with appropriate styles. Learn more: https://github.com/jsx-eslint/eslint-plugin-jsx-a11y/blob/HEAD/docs/rules/anchor-is-valid.md  jsx-a11y/anchor-is-valid

ERROR in [eslint] 
src/App.js
  Line 92:50:  'ForgotPasswordPage' is not defined  react/jsx-no-undef
  Line 93:49:  'ResetPasswordPage' is not defined   react/jsx-no-undef

Search for the keywords to learn more about each error.

webpack compiled with 1 error and 1 warning
Compiling...
Failed to compile.

[eslint] 
src/App.js
  Line 92:50:  'ForgotPassword' is not defined  react/jsx-no-undef
  Line 93:49:  'ResetPassword' is not defined   react/jsx-no-undef

Search for the keywords to learn more about each error.
WARNING in [eslint] 
src/App.js
  Line 15:10:  'username' is assigned a value but never used  no-unused-vars

src/components/subscription/subscriptionpage.jsx
  Line 10:10:   'userInfo' is assigned a value but never used                                                                                                                                                                                                                                                                                                                      no-unused-vars
  Line 331:29:  The href attribute requires a valid value to be accessible. Provide a valid, navigable address as the href value. If you cannot provide a valid href, but still need the element to resemble a link, use a button and change it with appropriate styles. Learn more: https://github.com/jsx-eslint/eslint-plugin-jsx-a11y/blob/HEAD/docs/rules/anchor-is-valid.md  jsx-a11y/anchor-is-valid

ERROR in [eslint] 
src/App.js
  Line 92:50:  'ForgotPassword' is not defined  react/jsx-no-undef
  Line 93:49:  'ResetPassword' is not defined   react/jsx-no-undef

Search for the keywords to learn more about each error.

webpack compiled with 1 error and 1 warning
Compiling...
Compiled with warnings.

[eslint] 
src/App.js
  Line 17:10:  'username' is assigned a value but never used  no-unused-vars

src/components/subscription/subscriptionpage.jsx
  Line 10:10:   'userInfo' is assigned a value but never used                                                                                                                                                                                                                                                                                                                      no-unused-vars
  Line 331:29:  The href attribute requires a valid value to be accessible. Provide a valid, navigable address as the href value. If you cannot provide a valid href, but still need the element to resemble a link, use a button and change it with appropriate styles. Learn more: https://github.com/jsx-eslint/eslint-plugin-jsx-a11y/blob/HEAD/docs/rules/anchor-is-valid.md  jsx-a11y/anchor-is-valid

Search for the keywords to learn more about each warning.
To ignore, add // eslint-disable-next-line to the line before.

WARNING in [eslint] 
src/App.js
  Line 17:10:  'username' is assigned a value but never used  no-unused-vars

src/components/subscription/subscriptionpage.jsx
  Line 10:10:   'userInfo' is assigned a value but never used                                                                                                                                                                                                                                                                                                                      no-unused-vars
  Line 331:29:  The href attribute requires a valid value to be accessible. Provide a valid, navigable address as the href value. If you cannot provide a valid href, but still need the element to resemble a link, use a button and change it with appropriate styles. Learn more: https://github.com/jsx-eslint/eslint-plugin-jsx-a11y/blob/HEAD/docs/rules/anchor-is-valid.md  jsx-a11y/anchor-is-valid

webpack compiled with 1 warning
Compiling...
Compiled with warnings.

[eslint] 
src/App.js
  Line 17:10:  'username' is assigned a value but never used  no-unused-vars

src/components/subscription/subscriptionpage.jsx
  Line 10:10:   'userInfo' is assigned a value but never used                                                                                                                                                                                                                                                                                                                      no-unused-vars
  Line 331:29:  The href attribute requires a valid value to be accessible. Provide a valid, navigable address as the href value. If you cannot provide a valid href, but still need the element to resemble a link, use a button and change it with appropriate styles. Learn more: https://github.com/jsx-eslint/eslint-plugin-jsx-a11y/blob/HEAD/docs/rules/anchor-is-valid.md  jsx-a11y/anchor-is-valid

Search for the keywords to learn more about each warning.
To ignore, add // eslint-disable-next-line to the line before.

WARNING in [eslint] 
src/App.js
  Line 17:10:  'username' is assigned a value but never used  no-unused-vars

src/components/subscription/subscriptionpage.jsx
  Line 10:10:   'userInfo' is assigned a value but never used                                                                                                                                                                                                                                                                                                                      no-unused-vars
  Line 331:29:  The href attribute requires a valid value to be accessible. Provide a valid, navigable address as the href value. If you cannot provide a valid href, but still need the element to resemble a link, use a button and change it with appropriate styles. Learn more: https://github.com/jsx-eslint/eslint-plugin-jsx-a11y/blob/HEAD/docs/rules/anchor-is-valid.md  jsx-a11y/anchor-is-valid

webpack compiled with 1 warning
Compiling...
Compiled with warnings.

[eslint] 
src/App.js
  Line 17:10:  'username' is assigned a value but never used  no-unused-vars

src/components/subscription/subscriptionpage.jsx
  Line 10:10:   'userInfo' is assigned a value but never used                                                                                                                                                                                                                                                                                                                      no-unused-vars
  Line 331:29:  The href attribute requires a valid value to be accessible. Provide a valid, navigable address as the href value. If you cannot provide a valid href, but still need the element to resemble a link, use a button and change it with appropriate styles. Learn more: https://github.com/jsx-eslint/eslint-plugin-jsx-a11y/blob/HEAD/docs/rules/anchor-is-valid.md  jsx-a11y/anchor-is-valid

Search for the keywords to learn more about each warning.
To ignore, add // eslint-disable-next-line to the line before.

WARNING in [eslint] 
src/App.js
  Line 17:10:  'username' is assigned a value but never used  no-unused-vars

src/components/subscription/subscriptionpage.jsx
  Line 10:10:   'userInfo' is assigned a value but never used                                                                                                                                                                                                                                                                                                                      no-unused-vars
  Line 331:29:  The href attribute requires a valid value to be accessible. Provide a valid, navigable address as the href value. If you cannot provide a valid href, but still need the element to resemble a link, use a button and change it with appropriate styles. Learn more: https://github.com/jsx-eslint/eslint-plugin-jsx-a11y/blob/HEAD/docs/rules/anchor-is-valid.md  jsx-a11y/anchor-is-valid

webpack compiled with 1 warning
Compiling...
Compiled with warnings.

[eslint] 
src/App.js
  Line 17:10:  'username' is assigned a value but never used  no-unused-vars

src/components/subscription/subscriptionpage.jsx
  Line 10:10:   'userInfo' is assigned a value but never used                                                                                                                                                                                                                                                                                                                      no-unused-vars
  Line 331:29:  The href attribute requires a valid value to be accessible. Provide a valid, navigable address as the href value. If you cannot provide a valid href, but still need the element to resemble a link, use a button and change it with appropriate styles. Learn more: https://github.com/jsx-eslint/eslint-plugin-jsx-a11y/blob/HEAD/docs/rules/anchor-is-valid.md  jsx-a11y/anchor-is-valid

Search for the keywords to learn more about each warning.
To ignore, add // eslint-disable-next-line to the line before.

WARNING in [eslint] 
src/App.js
  Line 17:10:  'username' is assigned a value but never used  no-unused-vars

src/components/subscription/subscriptionpage.jsx
  Line 10:10:   'userInfo' is assigned a value but never used                                                                                                                                                                                                                                                                                                                      no-unused-vars
  Line 331:29:  The href attribute requires a valid value to be accessible. Provide a valid, navigable address as the href value. If you cannot provide a valid href, but still need the element to resemble a link, use a button and change it with appropriate styles. Learn more: https://github.com/jsx-eslint/eslint-plugin-jsx-a11y/blob/HEAD/docs/rules/anchor-is-valid.md  jsx-a11y/anchor-is-valid

webpack compiled with 1 warning
Compiling...
Compiled with warnings.

[eslint] 
src/App.js
  Line 17:10:  'username' is assigned a value but never used  no-unused-vars

src/components/subscription/subscriptionpage.jsx
  Line 10:10:   'userInfo' is assigned a value but never used                                                                                                                                                                                                                                                                                                                      no-unused-vars
  Line 331:29:  The href attribute requires a valid value to be accessible. Provide a valid, navigable address as the href value. If you cannot provide a valid href, but still need the element to resemble a link, use a button and change it with appropriate styles. Learn more: https://github.com/jsx-eslint/eslint-plugin-jsx-a11y/blob/HEAD/docs/rules/anchor-is-valid.md  jsx-a11y/anchor-is-valid

Search for the keywords to learn more about each warning.
To ignore, add // eslint-disable-next-line to the line before.

WARNING in [eslint] 
src/App.js
  Line 17:10:  'username' is assigned a value but never used  no-unused-vars

src/components/subscription/subscriptionpage.jsx
  Line 10:10:   'userInfo' is assigned a value but never used                                                                                                                                                                                                                                                                                                                      no-unused-vars
  Line 331:29:  The href attribute requires a valid value to be accessible. Provide a valid, navigable address as the href value. If you cannot provide a valid href, but still need the element to resemble a link, use a button and change it with appropriate styles. Learn more: https://github.com/jsx-eslint/eslint-plugin-jsx-a11y/blob/HEAD/docs/rules/anchor-is-valid.md  jsx-a11y/anchor-is-valid

webpack compiled with 1 warning
Compiling...
Compiled with warnings.

[eslint] 
src/App.js
  Line 17:10:  'username' is assigned a value but never used  no-unused-vars

src/components/subscription/subscriptionpage.jsx
  Line 10:10:   'userInfo' is assigned a value but never used                                                                                                                                                                                                                                                                                                                      no-unused-vars
  Line 331:29:  The href attribute requires a valid value to be accessible. Provide a valid, navigable address as the href value. If you cannot provide a valid href, but still need the element to resemble a link, use a button and change it with appropriate styles. Learn more: https://github.com/jsx-eslint/eslint-plugin-jsx-a11y/blob/HEAD/docs/rules/anchor-is-valid.md  jsx-a11y/anchor-is-valid

Search for the keywords to learn more about each warning.
To ignore, add // eslint-disable-next-line to the line before.

WARNING in [eslint] 
src/App.js
  Line 17:10:  'username' is assigned a value but never used  no-unused-vars

src/components/subscription/subscriptionpage.jsx
  Line 10:10:   'userInfo' is assigned a value but never used                                                                                                                                                                                                                                                                                                                      no-unused-vars
  Line 331:29:  The href attribute requires a valid value to be accessible. Provide a valid, navigable address as the href value. If you cannot provide a valid href, but still need the element to resemble a link, use a button and change it with appropriate styles. Learn more: https://github.com/jsx-eslint/eslint-plugin-jsx-a11y/blob/HEAD/docs/rules/anchor-is-valid.md  jsx-a11y/anchor-is-valid

webpack compiled with 1 warning
Compiling...
Compiled with warnings.

[eslint] 
src/App.js
  Line 17:10:  'username' is assigned a value but never used  no-unused-vars

src/components/subscription/subscriptionpage.jsx
  Line 10:10:   'userInfo' is assigned a value but never used                                                                                                                                                                                                                                                                                                                      no-unused-vars
  Line 331:29:  The href attribute requires a valid value to be accessible. Provide a valid, navigable address as the href value. If you cannot provide a valid href, but still need the element to resemble a link, use a button and change it with appropriate styles. Learn more: https://github.com/jsx-eslint/eslint-plugin-jsx-a11y/blob/HEAD/docs/rules/anchor-is-valid.md  jsx-a11y/anchor-is-valid

Search for the keywords to learn more about each warning.
To ignore, add // eslint-disable-next-line to the line before.

WARNING in [eslint] 
src/App.js
  Line 17:10:  'username' is assigned a value but never used  no-unused-vars

src/components/subscription/subscriptionpage.jsx
  Line 10:10:   'userInfo' is assigned a value but never used                                                                                                                                                                                                                                                                                                                      no-unused-vars
  Line 331:29:  The href attribute requires a valid value to be accessible. Provide a valid, navigable address as the href value. If you cannot provide a valid href, but still need the element to resemble a link, use a button and change it with appropriate styles. Learn more: https://github.com/jsx-eslint/eslint-plugin-jsx-a11y/blob/HEAD/docs/rules/anchor-is-valid.md  jsx-a11y/anchor-is-valid

webpack compiled with 1 warning
Compiling...
Compiled with warnings.

[eslint] 
src/App.js
  Line 17:10:  'username' is assigned a value but never used  no-unused-vars

src/components/subscription/subscriptionpage.jsx
  Line 10:10:   'userInfo' is assigned a value but never used                                                                                                                                                                                                                                                                                                                      no-unused-vars
  Line 331:29:  The href attribute requires a valid value to be accessible. Provide a valid, navigable address as the href value. If you cannot provide a valid href, but still need the element to resemble a link, use a button and change it with appropriate styles. Learn more: https://github.com/jsx-eslint/eslint-plugin-jsx-a11y/blob/HEAD/docs/rules/anchor-is-valid.md  jsx-a11y/anchor-is-valid

Search for the keywords to learn more about each warning.
To ignore, add // eslint-disable-next-line to the line before.

WARNING in [eslint] 
src/App.js
  Line 17:10:  'username' is assigned a value but never used  no-unused-vars

src/components/subscription/subscriptionpage.jsx
  Line 10:10:   'userInfo' is assigned a value but never used                                                                                                                                                                                                                                                                                                                      no-unused-vars
  Line 331:29:  The href attribute requires a valid value to be accessible. Provide a valid, navigable address as the href value. If you cannot provide a valid href, but still need the element to resemble a link, use a button and change it with appropriate styles. Learn more: https://github.com/jsx-eslint/eslint-plugin-jsx-a11y/blob/HEAD/docs/rules/anchor-is-valid.md  jsx-a11y/anchor-is-valid

webpack compiled with 1 warning
Compiling...
Compiled with warnings.

[eslint] 
src/App.js
  Line 17:10:  'username' is assigned a value but never used  no-unused-vars

src/components/subscription/subscriptionpage.jsx
  Line 10:10:   'userInfo' is assigned a value but never used                                                                                                                                                                                                                                                                                                                      no-unused-vars
  Line 331:29:  The href attribute requires a valid value to be accessible. Provide a valid, navigable address as the href value. If you cannot provide a valid href, but still need the element to resemble a link, use a button and change it with appropriate styles. Learn more: https://github.com/jsx-eslint/eslint-plugin-jsx-a11y/blob/HEAD/docs/rules/anchor-is-valid.md  jsx-a11y/anchor-is-valid

Search for the keywords to learn more about each warning.
To ignore, add // eslint-disable-next-line to the line before.

WARNING in [eslint] 
src/App.js
  Line 17:10:  'username' is assigned a value but never used  no-unused-vars

src/components/subscription/subscriptionpage.jsx
  Line 10:10:   'userInfo' is assigned a value but never used                                                                                                                                                                                                                                                                                                                      no-unused-vars
  Line 331:29:  The href attribute requires a valid value to be accessible. Provide a valid, navigable address as the href value. If you cannot provide a valid href, but still need the element to resemble a link, use a button and change it with appropriate styles. Learn more: https://github.com/jsx-eslint/eslint-plugin-jsx-a11y/blob/HEAD/docs/rules/anchor-is-valid.md  jsx-a11y/anchor-is-valid

webpack compiled with 1 warning
